
> mythogen-engine-blog@0.1.0 build
> docusaurus build


 ------------------------------------------------------------------------------                                                                                                          Update available 3.5.2 ??3.9.2                                                                                                                 To upgrade Docusaurus packages with the latest version, run the                                       following command:                                        `npm i @docusaurus/core@latest @docusaurus/preset-classic@latest                @docusaurus/module-type-aliases@latest @docusaurus/types@latest`                                                                                         ------------------------------------------------------------------------------ 

[INFO] Website will be built for all these locales: 
- zh-Hant
- en
- zh-HK
[INFO] Website will be built for all these locales: 
- zh-Hant
- en
- zh-HK
[INFO] [zh-Hant] Creating an optimized production build...
[ERROR] Loading of version failed for version current

[ERROR] Error: Unable to build website for locale zh-Hant.
    at tryToBuildLocale (D:\Note\BLOG\node_modules\@docusaurus\core\lib\commands\build.js:54:19)
    at async D:\Note\BLOG\node_modules\@docusaurus\core\lib\commands\build.js:65:9
    at async mapAsyncSequential (D:\Note\BLOG\node_modules\@docusaurus\utils\lib\jsUtils.js:21:24)
    at async Command.build (D:\Note\BLOG\node_modules\@docusaurus\core\lib\commands\build.js:63:5) {
  [cause]: Error: Invalid sidebar file at "sidebars.js".
  These sidebar document ids do not exist:
  - ai-war/00_guide
  - ai-war/01_food_chain
  - ai-war/02_ms_openai
  - ai-war/03_perpetual_motion
  - ai-war/04_limitations
  - ai-war/05_claude_code
  - ai-war/06_apple_counter
  - ai-war/07_ai_film
  - ai-war/08_xbox
  - mirror-realm/ch15
  
  Available document ids are:
  - ai-war/ai_film
  - ai-war/apple_counter
  - ai-war/claude_code
  - ai-war/food_chain
  - ai-war/guide
  - ai-war/limitations
  - ai-war/ms_openai
  - ai-war/perpetual_motion
  - ai-war/xbox
  - mirror-realm/ch01
  - mirror-realm/ch02
  - mirror-realm/ch03
  - mirror-realm/ch04
  - mirror-realm/ch05
  - mirror-realm/ch06
  - mirror-realm/ch07
  - mirror-realm/ch08
  - mirror-realm/ch09
  - mirror-realm/ch10
  - mirror-realm/ch11
  - mirror-realm/ch12
  - mirror-realm/ch12b
  - mirror-realm/ch13
  - mirror-realm/ch14
  - mirror-realm/prologue
  
      at Object.checkSidebarsDocIds (D:\Note\BLOG\node_modules\@docusaurus\plugin-content-docs\lib\sidebars\utils.js:245:19)
      at doLoadVersion (D:\Note\BLOG\node_modules\@docusaurus\plugin-content-docs\lib\index.js:146:31)
      at async loadVersion (D:\Note\BLOG\node_modules\@docusaurus\plugin-content-docs\lib\index.js:163:28)
      at async Promise.all (index 0)
      at async Object.loadContent (D:\Note\BLOG\node_modules\@docusaurus\plugin-content-docs\lib\index.js:171:33)
      at async D:\Note\BLOG\node_modules\@docusaurus\core\lib\server\plugins\plugins.js:39:23
      at async Promise.all (index 0)
      at async D:\Note\BLOG\node_modules\@docusaurus\core\lib\server\plugins\plugins.js:140:25
      at async loadSite (D:\Note\BLOG\node_modules\@docusaurus\core\lib\server\site.js:137:45)
      at async buildLocale (D:\Note\BLOG\node_modules\@docusaurus\core\lib\commands\build.js:105:18)
}
[INFO] Docusaurus version: 3.5.2
Node version: v22.16.0
